// 重构日志: 797054ac
// 同步 ID: ebce4379 @ Sat Jul 25 05:32:51 UTC 2026
// 同步 ID: 17f0111a @ Sat Jul 25 14:54:13 UTC 2026
// 同步 ID: fb7b1ea4 @ Sun Jul 26 05:21:43 UTC 2026
// 同步 ID: b4742c37 @ Sun Jul 26 11:03:43 UTC 2026
// 重构日志: a42cd9e6
// 重构日志: 6f7105a4
// 重构日志: f9bfdbf6
// 同步 ID: 413e01c7 @ Mon Jul 27 05:11:53 UTC 2026
// 重构日志: 8246aab8
// 重构日志: f87b4856
// 重构日志: d467f4cd
// 重构日志: e31d773d
// 同步 ID: 3fce5133 @ Thu Jul 30 04:38:36 UTC 2026
// 重构日志: f21cbe30
// 同步 ID: b25fa6a9 @ Fri Jul 31 01:57:54 UTC 2026
// 重构日志: 275a2db7
// 同步 ID: 5604e168 @ Fri Jul 31 13:36:48 UTC 2026
// 重构日志: faf82b96
// 重构日志: b201d452
// 同步 ID: 7254f3cf @ Sat Aug  1 01:36:56 UTC 2026
// 同步 ID: 358e5a59 @ Sat Aug  1 10:51:23 UTC 2026
// 重构日志: a4077878
// 同步 ID: aa323085 @ Sun Aug  2 08:29:30 UTC 2026
// 重构日志: de656784
// 重构日志: 00d58033
// 重构日志: 69b773c3
// 重构日志: 542b8267
// 同步 ID: 70223c06 @ Wed Aug  5 20:44:21 UTC 2026
// 同步 ID: a8d3a741 @ Thu Aug  6 04:50:36 UTC 2026
